KAO2 design: strict weights=9 uppercase=4 deco=5 serif=3 primaryPerView={"empty/home":1,"empty/units":0,"empty/word":1,"empty/reader":1,"empty/settings":0,"empty/gate":0,"empty/phonics":1,"empty/ayah":1,"empty/map":0,"empty/prayer":0,"empty/stats":0,"empty/session":0,"seeded/home":1,"seeded/units":0,"seeded/word":1,"seeded/reader":1,"seeded/settings":0,"seeded/gate":0,"seeded/phonics":1,"seeded/ayah":1,"seeded/map":0,"seeded/prayer":0,"seeded/stats":0,"seeded/session":0} switches={"empty/off":{"count":5,"missing":5},"empty/on":{"count":5,"missing":5},"seeded/off":{"count":5,"missing":5},"seeded/on":{"count":5,"missing":5}}
node:internal/assert/utils:146
  throw error;
  ^

AssertionError [ERR_ASSERTION]: strict tasarım ihlalleri
+ actual - expected

+ [
+   'weights',
+   'uppercase',
+   'deco',
+   'serif',
+   'removed selectors',
+   'switch semantics'
+ ]
- []

    at Object.<anonymous> (/Users/m_ras/Desktop/seyma/tests/kao/test_kao2_design_contract.js:83:10)
    at Module._compile (node:internal/modules/cjs/loader:1873:14)
    at Module._extensions..js (node:internal/modules/cjs/loader:2013:10)
    at Module.load (node:internal/modules/cjs/loader:1596:32)
    at Module._load (node:internal/modules/cjs/loader:1398:12)
    at wrapModuleLoad (node:internal/modules/cjs/loader:255:19)
    at Module.executeUserEntryPoint [as runMain] (node:internal/modules/run_main:154:5)
    at node:internal/main/run_main_module:33:47 {
  generatedMessage: false,
  code: 'ERR_ASSERTION',
  actual: [
    'weights',
    'uppercase',
    'deco',
    'serif',
    'removed selectors',
    'switch semantics'
  ],
  expected: [],
  operator: 'deepStrictEqual',
  diff: 'simple'
}

Node.js v26.3.1
