static fixture renderer ready
PASS light 320 1 {"overflow":false,"cta":48,"faq":true,"pathColumns":"246px"}
PASS light 320 2 {"overflow":false,"cta":61,"faq":true,"pathColumns":"246px"}
PASS light 390 1 {"overflow":false,"cta":48,"faq":true,"pathColumns":"308px"}
PASS light 390 2 {"overflow":false,"cta":61,"faq":true,"pathColumns":"308px"}
PASS light 512 1 {"overflow":false,"cta":48,"faq":true,"pathColumns":"410px"}
PASS light 512 2 {"overflow":false,"cta":61,"faq":true,"pathColumns":"410px"}
PASS light 1280 1 {"overflow":false,"cta":48,"faq":true,"pathColumns":"410px"}
PASS light 1280 2 {"overflow":false,"cta":61,"faq":true,"pathColumns":"410px"}
PASS dark 320 1 {"overflow":false,"cta":48,"faq":true,"pathColumns":"246px"}
PASS dark 320 2 {"overflow":false,"cta":61,"faq":true,"pathColumns":"246px"}
PASS dark 390 1 {"overflow":false,"cta":48,"faq":true,"pathColumns":"308px"}
PASS dark 390 2 {"overflow":false,"cta":61,"faq":true,"pathColumns":"308px"}
PASS dark 512 1 {"overflow":false,"cta":48,"faq":true,"pathColumns":"410px"}
PASS dark 512 2 {"overflow":false,"cta":61,"faq":true,"pathColumns":"410px"}
PASS dark 1280 1 {"overflow":false,"cta":48,"faq":true,"pathColumns":"410px"}
PASS dark 1280 2 {"overflow":false,"cta":61,"faq":true,"pathColumns":"410px"}
PASS long dynamic summary at 320px / 200% Devam
PASS long dynamic summary at 320px / 200% Aç
PASS long dynamic summary at 320px / 200% Tekrar et
PASS contrast light 31 pairs; minimum 5.52
PASS contrast dark 31 pairs; minimum 7.53
PASS native disclosure mouse/keyboard, reduced motion, no browser errors; app runtime never loaded
